// Jest Snapshot v1, https://goo.gl/fbAQLP

exports[`AppComponent should match snapshot 1`] = `
<div
  id="root3"
>
  <h1>
    angular-testing
  </h1>
  <hr />
  <hr />
</div>
`;
